Using locale 'en_US.UTF-8'.


Wed Sep  9 22:04:31 2026
Command line: PhotoRec /log /d /tmp/recovery-output-test/carved/recovered /cmd Recovery/Carving/Tests/PhotoRecCarverTest/disk.img partition_none,search

PhotoRec 7.3-WIP, Data Recovery Utility, September 2025
Christophe GRENIER <grenier@cgsecurity.org>
https://www.cgsecurity.org
OS: Linux, kernel 7.0.0-31-generic (#31~24.04.1-Ubuntu SMP PREEMPT_DYNAMIC Mon Aug 10 09:38:02 UTC 2) x86_64
Compiler: GCC 14.2
ext2fs lib: 1.47.0, ntfs lib: libntfs-3g, ewf lib: 20120504, libjpeg: libjpeg-turbo-1.3.1, curses lib: ncurses 6.4
User is not root!
Hard disk list
Disk Recovery/Carving/Tests/PhotoRecCarverTest/disk.img - 268 MB / 256 MiB - CHS 33 255 63 (RO), sector size=512

Partition table type (auto): None
Disk Recovery/Carving/Tests/PhotoRecCarverTest/disk.img - 268 MB / 256 MiB (RO)
Partition table type: None
Filesystem created: Wed Sep  9 15:43:10 2026
Last mount time:    Wed Sep  9 15:43:40 2026
     Unknown                  0   0  1    32 162  2     524288 [Whole disk]
   P ext4                     0   0  1    32 162  2     524288
     ext4 blocksize=4096 Large_file Sparse_SB, 268 MB / 256 MiB
758 first-level signatures enabled

Analyse
   P ext4                     0   0  1    32 162  2     524288
     ext4 blocksize=4096 Large_file Sparse_SB, 268 MB / 256 MiB
Pass 0 (blocksize=512) STATUS_FIND_OFFSET
blocksize=1024, offset=0
Elapsed time 0h00m00s
Pass 1 (blocksize=1024) STATUS_EXT2_OFF
/tmp/recovery-output-test/carved/recovered.1/f0000002.ext	 2-3
/tmp/recovery-output-test/carved/recovered.1/f0033064.ext	 33064-33065
/tmp/recovery-output-test/carved/recovered.1/f0033072.ext	 33072-33073
/tmp/recovery-output-test/carved/recovered.1/f0033112.ext	 33112-33113
/tmp/recovery-output-test/carved/recovered.1/f0262144.ext	 262144-262145
/tmp/recovery-output-test/carved/recovered.1/f0262448.ext	 262448-262449
/tmp/recovery-output-test/carved/recovered.1/f0262458.ext	 262458-262459
/tmp/recovery-output-test/carved/recovered.1/f0262488.ext	 262488-262489
/tmp/recovery-output-test/carved/recovered.1/f0262512.ext	 262512-262513
/tmp/recovery-output-test/carved/recovered.1/f0262530.ext	 262530-262531
/tmp/recovery-output-test/carved/recovered.1/f0299016.txt	 299016-299017
Elapsed time 0h00m00s
Pass 1 +1 file
txt: 1/1 recovered
Total: 1 file found

524266 sectors contain unknown data, 0 invalid files found and rejected.
PhotoRec exited normally.
Using locale 'en_US.UTF-8'.


Wed Sep  9 22:05:30 2026
Command line: PhotoRec /log /d /tmp/recovery-output-test/carved/recovered /cmd Recovery/Carving/Tests/PhotoRecCarverTest/disk.img partition_none,search

PhotoRec 7.3-WIP, Data Recovery Utility, September 2025
Christophe GRENIER <grenier@cgsecurity.org>
https://www.cgsecurity.org
OS: Linux, kernel 7.0.0-31-generic (#31~24.04.1-Ubuntu SMP PREEMPT_DYNAMIC Mon Aug 10 09:38:02 UTC 2) x86_64
Compiler: GCC 14.2
ext2fs lib: 1.47.0, ntfs lib: libntfs-3g, ewf lib: 20120504, libjpeg: libjpeg-turbo-1.3.1, curses lib: ncurses 6.4
User is not root!
Hard disk list
Disk Recovery/Carving/Tests/PhotoRecCarverTest/disk.img - 268 MB / 256 MiB - CHS 33 255 63 (RO), sector size=512

Partition table type (auto): None
Disk Recovery/Carving/Tests/PhotoRecCarverTest/disk.img - 268 MB / 256 MiB (RO)
Partition table type: None
Filesystem created: Wed Sep  9 15:43:10 2026
Last mount time:    Wed Sep  9 15:43:40 2026
     Unknown                  0   0  1    32 162  2     524288 [Whole disk]
   P ext4                     0   0  1    32 162  2     524288
     ext4 blocksize=4096 Large_file Sparse_SB, 268 MB / 256 MiB
758 first-level signatures enabled

Analyse
   P ext4                     0   0  1    32 162  2     524288
     ext4 blocksize=4096 Large_file Sparse_SB, 268 MB / 256 MiB
Pass 0 (blocksize=512) STATUS_FIND_OFFSET
blocksize=1024, offset=0
Elapsed time 0h00m00s
Pass 1 (blocksize=1024) STATUS_EXT2_OFF
/tmp/recovery-output-test/carved/recovered.1/f0000002.ext	 2-3
/tmp/recovery-output-test/carved/recovered.1/f0033064.ext	 33064-33065
/tmp/recovery-output-test/carved/recovered.1/f0033072.ext	 33072-33073
/tmp/recovery-output-test/carved/recovered.1/f0033112.ext	 33112-33113
/tmp/recovery-output-test/carved/recovered.1/f0262144.ext	 262144-262145
/tmp/recovery-output-test/carved/recovered.1/f0262448.ext	 262448-262449
/tmp/recovery-output-test/carved/recovered.1/f0262458.ext	 262458-262459
/tmp/recovery-output-test/carved/recovered.1/f0262488.ext	 262488-262489
/tmp/recovery-output-test/carved/recovered.1/f0262512.ext	 262512-262513
/tmp/recovery-output-test/carved/recovered.1/f0262530.ext	 262530-262531
/tmp/recovery-output-test/carved/recovered.1/f0299016.txt	 299016-299017
Elapsed time 0h00m00s
Pass 1 +1 file
txt: 1/1 recovered
Total: 1 file found

524266 sectors contain unknown data, 0 invalid files found and rejected.
PhotoRec exited normally.
Using locale 'en_US.UTF-8'.


Wed Sep  9 22:07:19 2026
Command line: PhotoRec /log /d /tmp/recovery-output-test/carved/recovered /cmd Recovery/Carving/Tests/PhotoRecCarverTest/disk.img partition_none,search

PhotoRec 7.3-WIP, Data Recovery Utility, September 2025
Christophe GRENIER <grenier@cgsecurity.org>
https://www.cgsecurity.org
OS: Linux, kernel 7.0.0-31-generic (#31~24.04.1-Ubuntu SMP PREEMPT_DYNAMIC Mon Aug 10 09:38:02 UTC 2) x86_64
Compiler: GCC 14.2
ext2fs lib: 1.47.0, ntfs lib: libntfs-3g, ewf lib: 20120504, libjpeg: libjpeg-turbo-1.3.1, curses lib: ncurses 6.4
User is not root!
Hard disk list
Disk Recovery/Carving/Tests/PhotoRecCarverTest/disk.img - 268 MB / 256 MiB - CHS 33 255 63 (RO), sector size=512

Partition table type (auto): None
Disk Recovery/Carving/Tests/PhotoRecCarverTest/disk.img - 268 MB / 256 MiB (RO)
Partition table type: None
Filesystem created: Wed Sep  9 15:43:10 2026
Last mount time:    Wed Sep  9 15:43:40 2026
     Unknown                  0   0  1    32 162  2     524288 [Whole disk]
   P ext4                     0   0  1    32 162  2     524288
     ext4 blocksize=4096 Large_file Sparse_SB, 268 MB / 256 MiB
758 first-level signatures enabled

Analyse
   P ext4                     0   0  1    32 162  2     524288
     ext4 blocksize=4096 Large_file Sparse_SB, 268 MB / 256 MiB
Pass 0 (blocksize=512) STATUS_FIND_OFFSET
blocksize=1024, offset=0
Elapsed time 0h00m00s
Pass 1 (blocksize=1024) STATUS_EXT2_OFF
/tmp/recovery-output-test/carved/recovered.1/f0000002.ext	 2-3
/tmp/recovery-output-test/carved/recovered.1/f0033064.ext	 33064-33065
/tmp/recovery-output-test/carved/recovered.1/f0033072.ext	 33072-33073
/tmp/recovery-output-test/carved/recovered.1/f0033112.ext	 33112-33113
/tmp/recovery-output-test/carved/recovered.1/f0262144.ext	 262144-262145
/tmp/recovery-output-test/carved/recovered.1/f0262448.ext	 262448-262449
/tmp/recovery-output-test/carved/recovered.1/f0262458.ext	 262458-262459
/tmp/recovery-output-test/carved/recovered.1/f0262488.ext	 262488-262489
/tmp/recovery-output-test/carved/recovered.1/f0262512.ext	 262512-262513
/tmp/recovery-output-test/carved/recovered.1/f0262530.ext	 262530-262531
/tmp/recovery-output-test/carved/recovered.1/f0299016.txt	 299016-299017
Elapsed time 0h00m00s
Pass 1 +1 file
txt: 1/1 recovered
Total: 1 file found

524266 sectors contain unknown data, 0 invalid files found and rejected.
PhotoRec exited normally.
Using locale 'en_US.UTF-8'.


Wed Sep  9 22:13:45 2026
Command line: PhotoRec /log /d /tmp/recovery-cmake-output/carved/recovered /cmd Recovery/Carving/Tests/PhotoRecCarverTest/disk.img partition_none,search

PhotoRec 7.3-WIP, Data Recovery Utility, September 2025
Christophe GRENIER <grenier@cgsecurity.org>
https://www.cgsecurity.org
OS: Linux, kernel 7.0.0-31-generic (#31~24.04.1-Ubuntu SMP PREEMPT_DYNAMIC Mon Aug 10 09:38:02 UTC 2) x86_64
Compiler: GCC 14.2
ext2fs lib: 1.47.0, ntfs lib: libntfs-3g, ewf lib: 20120504, libjpeg: libjpeg-turbo-1.3.1, curses lib: ncurses 6.4
User is not root!
Hard disk list
Disk Recovery/Carving/Tests/PhotoRecCarverTest/disk.img - 268 MB / 256 MiB - CHS 33 255 63 (RO), sector size=512

Partition table type (auto): None
Disk Recovery/Carving/Tests/PhotoRecCarverTest/disk.img - 268 MB / 256 MiB (RO)
Partition table type: None
Filesystem created: Wed Sep  9 15:43:10 2026
Last mount time:    Wed Sep  9 15:43:40 2026
     Unknown                  0   0  1    32 162  2     524288 [Whole disk]
   P ext4                     0   0  1    32 162  2     524288
     ext4 blocksize=4096 Large_file Sparse_SB, 268 MB / 256 MiB
758 first-level signatures enabled

Analyse
   P ext4                     0   0  1    32 162  2     524288
     ext4 blocksize=4096 Large_file Sparse_SB, 268 MB / 256 MiB
Pass 0 (blocksize=512) STATUS_FIND_OFFSET
blocksize=1024, offset=0
Elapsed time 0h00m00s
Pass 1 (blocksize=1024) STATUS_EXT2_OFF
/tmp/recovery-cmake-output/carved/recovered.1/f0000002.ext	 2-3
/tmp/recovery-cmake-output/carved/recovered.1/f0033064.ext	 33064-33065
/tmp/recovery-cmake-output/carved/recovered.1/f0033072.ext	 33072-33073
/tmp/recovery-cmake-output/carved/recovered.1/f0033112.ext	 33112-33113
/tmp/recovery-cmake-output/carved/recovered.1/f0262144.ext	 262144-262145
/tmp/recovery-cmake-output/carved/recovered.1/f0262448.ext	 262448-262449
/tmp/recovery-cmake-output/carved/recovered.1/f0262458.ext	 262458-262459
/tmp/recovery-cmake-output/carved/recovered.1/f0262488.ext	 262488-262489
/tmp/recovery-cmake-output/carved/recovered.1/f0262512.ext	 262512-262513
/tmp/recovery-cmake-output/carved/recovered.1/f0262530.ext	 262530-262531
/tmp/recovery-cmake-output/carved/recovered.1/f0299016.txt	 299016-299017
Elapsed time 0h00m00s
Pass 1 +1 file
txt: 1/1 recovered
Total: 1 file found

524266 sectors contain unknown data, 0 invalid files found and rejected.
PhotoRec exited normally.
Using locale 'en_US.UTF-8'.


Wed Sep  9 22:26:08 2026
Command line: PhotoRec /log /d Recovery/output/carved/recovered /cmd Recovery/Carving/Tests/PhotoRecCarverTest/disk.img partition_none,search

PhotoRec 7.3-WIP, Data Recovery Utility, September 2025
Christophe GRENIER <grenier@cgsecurity.org>
https://www.cgsecurity.org
OS: Linux, kernel 7.0.0-31-generic (#31~24.04.1-Ubuntu SMP PREEMPT_DYNAMIC Mon Aug 10 09:38:02 UTC 2) x86_64
Compiler: GCC 14.2
ext2fs lib: 1.47.0, ntfs lib: libntfs-3g, ewf lib: 20120504, libjpeg: libjpeg-turbo-1.3.1, curses lib: ncurses 6.4
User is not root!
Hard disk list
Disk Recovery/Carving/Tests/PhotoRecCarverTest/disk.img - 268 MB / 256 MiB - CHS 33 255 63 (RO), sector size=512

Partition table type (auto): None
Disk Recovery/Carving/Tests/PhotoRecCarverTest/disk.img - 268 MB / 256 MiB (RO)
Partition table type: None
Filesystem created: Wed Sep  9 15:43:10 2026
Last mount time:    Wed Sep  9 15:43:40 2026
     Unknown                  0   0  1    32 162  2     524288 [Whole disk]
   P ext4                     0   0  1    32 162  2     524288
     ext4 blocksize=4096 Large_file Sparse_SB, 268 MB / 256 MiB
758 first-level signatures enabled

Analyse
   P ext4                     0   0  1    32 162  2     524288
     ext4 blocksize=4096 Large_file Sparse_SB, 268 MB / 256 MiB
Pass 0 (blocksize=512) STATUS_FIND_OFFSET
blocksize=1024, offset=0
Elapsed time 0h00m00s
Pass 1 (blocksize=1024) STATUS_EXT2_OFF
Recovery/output/carved/recovered.1/f0000002.ext	 2-3
Recovery/output/carved/recovered.1/f0033064.ext	 33064-33065
Recovery/output/carved/recovered.1/f0033072.ext	 33072-33073
Recovery/output/carved/recovered.1/f0033112.ext	 33112-33113
Recovery/output/carved/recovered.1/f0262144.ext	 262144-262145
Recovery/output/carved/recovered.1/f0262448.ext	 262448-262449
Recovery/output/carved/recovered.1/f0262458.ext	 262458-262459
Recovery/output/carved/recovered.1/f0262488.ext	 262488-262489
Recovery/output/carved/recovered.1/f0262512.ext	 262512-262513
Recovery/output/carved/recovered.1/f0262530.ext	 262530-262531
Recovery/output/carved/recovered.1/f0299016.txt	 299016-299017
Elapsed time 0h00m01s
Pass 1 +1 file
txt: 1/1 recovered
Total: 1 file found

524266 sectors contain unknown data, 0 invalid files found and rejected.
PhotoRec exited normally.
Using locale 'en_US.UTF-8'.


Thu Sep 10 16:26:40 2026
Command line: PhotoRec /log /d /home/ishaan/dev/sihv3/clone/Secure-data-erasure-and-recovery/Recovery/output/carved/recovered /cmd /home/ishaan/dev/sihv3/clone/Secure-data-erasure-and-recovery/Recovery/Carving/Tests/PhotoRecCarverTest/disk.img partition_none,search

PhotoRec 7.3-WIP, Data Recovery Utility, September 2025
Christophe GRENIER <grenier@cgsecurity.org>
https://www.cgsecurity.org
OS: Linux, kernel 7.0.0-31-generic (#31~24.04.1-Ubuntu SMP PREEMPT_DYNAMIC Mon Aug 10 09:38:02 UTC 2) x86_64
Compiler: GCC 14.2
ext2fs lib: 1.47.0, ntfs lib: libntfs-3g, ewf lib: 20120504, libjpeg: libjpeg-turbo-1.3.1, curses lib: ncurses 6.4
User is not root!
Hard disk list
Disk /home/ishaan/dev/sihv3/clone/Secure-data-erasure-and-recovery/Recovery/Carving/Tests/PhotoRecCarverTest/disk.img - 268 MB , sector size=512

Partition table type (auto): None
Disk /home/ishaan/dev/sihv3/clone/Secure-data-erasure-and-recovery/Recovery/Carving/Tests/PhotoRecCarverTest/disk.img - 268 MB 
Partition table type: None
Filesystem created: Wed Sep  9 15:43:10 2026
Last mount time:    Wed Sep  9 15:43:40 2026
     Unknown                  0   0  1    32 162  2     524288 [Whole disk]
   P ext4                     0   0  1    32 162  2     524288
     ext4 blocksize=4096 Large_file Sparse_SB, 268 MB / 256 MiB
758 first-level signatures enabled

Analyse
   P ext4                     0   0  1    32 162  2     524288
     ext4 blocksize=4096 Large_file Sparse_SB, 268 MB / 256 MiB
Pass 0 (blocksize=512) STATUS_FIND_OFFSET
blocksize=1024, offset=0
Elapsed time 0h00m00s
Pass 1 (blocksize=1024) STATUS_EXT2_OFF
/home/ishaan/dev/sihv3/clone/Secure-data-erasure-and-recovery/Recovery/output/carved/recovered.2/f0000002.ext	 2-3
/home/ishaan/dev/sihv3/clone/Secure-data-erasure-and-recovery/Recovery/output/carved/recovered.2/f0033064.ext	 33064-33065
/home/ishaan/dev/sihv3/clone/Secure-data-erasure-and-recovery/Recovery/output/carved/recovered.2/f0033072.ext	 33072-33073
/home/ishaan/dev/sihv3/clone/Secure-data-erasure-and-recovery/Recovery/output/carved/recovered.2/f0033112.ext	 33112-33113
/home/ishaan/dev/sihv3/clone/Secure-data-erasure-and-recovery/Recovery/output/carved/recovered.2/f0262144.ext	 262144-262145
/home/ishaan/dev/sihv3/clone/Secure-data-erasure-and-recovery/Recovery/output/carved/recovered.2/f0262448.ext	 262448-262449
/home/ishaan/dev/sihv3/clone/Secure-data-erasure-and-recovery/Recovery/output/carved/recovered.2/f0262458.ext	 262458-262459
/home/ishaan/dev/sihv3/clone/Secure-data-erasure-and-recovery/Recovery/output/carved/recovered.2/f0262488.ext	 262488-262489
/home/ishaan/dev/sihv3/clone/Secure-data-erasure-and-recovery/Recovery/output/carved/recovered.2/f0262512.ext	 262512-262513
/home/ishaan/dev/sihv3/clone/Secure-data-erasure-and-recovery/Recovery/output/carved/recovered.2/f0262530.ext	 262530-262531
/home/ishaan/dev/sihv3/clone/Secure-data-erasure-and-recovery/Recovery/output/carved/recovered.2/f0299016.txt	 299016-299017
Elapsed time 0h00m00s
Pass 1 +1 file
txt: 1/1 recovered
Total: 1 file found

524266 sectors contain unknown data, 0 invalid files found and rejected.
PhotoRec exited normally.
